<?xml version="1.0" encoding="utf-8" standalone="no"?>
<test-results xmlns:xsi="http://www.w3.org/2001/XMLSchema-instance" xsi:noNamespaceSchemaLocation="nunit_schema_2.5.xsd" name="Pester" total="2" errors="0" failures="0" not-run="0" inconclusive="0" ignored="0" skipped="0" invalid="0" date="2025-09-23" time="19:20:22">
  <environment user="Ap3pp" clr-version="" os-version="10.0.26100" platform="Microsoft Windows 11 Home|C:\WINDOWS|\Device\Harddisk0\Partition3" nunit-version="2.5.8.0" user-domain="FRANCIS" machine-name="FRANCIS" cwd="C:\Francis\agent" />
  <culture-info current-culture="en-US" current-uiculture="en-US" />
  <test-suite type="Powershell" name="Pester" executed="True" result="Success" success="True" time="0.0147" asserts="0">
    <results>
      <test-suite type="TestFixture" name="phase4.ps1 structure" executed="True" result="Success" success="True" time="0.0147" asserts="0" description="phase4.ps1 structure">
        <results>
          <test-case description="has a python resolver outcome" name="phase4.ps1 structure.has a python resolver outcome" time="0.0121" asserts="0" success="True" result="Success" executed="True" />
          <test-case description="does not contain bad LHS paths" name="phase4.ps1 structure.does not contain bad LHS paths" time="0.0026" asserts="0" success="True" result="Success" executed="True" />
        </results>
      </test-suite>
    </results>
  </test-suite>
</test-results>